<!DOCTYPE html PUBLIC "-//W3C//DTD HTML 4.0 Transitional//EN" "http://www.w3.org/TR/REC-html40/loose.dtd">
<html><body><div>
<select name="countries">
            <option name="be">Belgium</option>
            <option selected name="fr">France</option>
            <option name="nl">The Netherlands</option>
    </select> 
</div></body></html>
