<!DOCTYPE html PUBLIC "-//W3C//DTD HTML 4.0 Transitional//EN" "http://www.w3.org/TR/REC-html40/loose.dtd">
<html><body><div>
<?php $countries = [
        'be' => 'Belgium',
        'fr' =&gt; 'France',
        'nl' =&gt; 'The Netherlands',
    ];
?&gt;

 <?php $__env->startComponent(
           'components.selectField',
           array_merge(app(Spatie\BladeX\ContextStack::class)-&gt;read(),
           
                array_merge(
                    app(Spatie\BladeX\ContextStack::class)-&gt;read(),
                    ['name' =&gt; 'countries','options' =&gt; $countries,'selected' =&gt; 'fr'],
                    app(
                        'Spatie\BladeX\Tests\Features\ViewModel\TestClasses\SelectFieldViewModel',
                        array_merge(
                            app(Spatie\BladeX\ContextStack::class)-&gt;read(),
                            ['name' =&gt; 'countries','options' =&gt; $countries,'selected' =&gt; 'fr']
                        )
                    )-&gt;toArray()
                ))
        ); ?&gt;  <?php echo $__env->renderComponent(); ?&gt; 
</div></body></html>
