<!DOCTYPE html PUBLIC "-//W3C//DTD HTML 4.0 Transitional//EN" "http://www.w3.org/TR/REC-html40/loose.dtd">
<html><body><div> <?php (app(Spatie\BladeX\ContextStack::class)->push(['user' =&gt; $user])); ?&gt; 
     <?php $__env->startComponent(
           'components.userName',
           array_merge(app(Spatie\BladeX\ContextStack::class)-&gt;read(),
           
                array_merge(
                    app(Spatie\BladeX\ContextStack::class)-&gt;read(),
                    [],
                    app(
                        'Spatie\BladeX\Tests\Features\Context\TestClasses\UserNameViewModel',
                        array_merge(
                            app(Spatie\BladeX\ContextStack::class)-&gt;read(),
                            []
                        )
                    )-&gt;toArray()
                ))
        ); ?&gt;  <?php echo $__env->renderComponent(); ?&gt; 
<?php (app(Spatie\BladeX\ContextStack::class)->pop()); ?&gt;
</div></body></html>
