<!DOCTYPE html PUBLIC "-//W3C//DTD HTML 4.0 Transitional//EN" "http://www.w3.org/TR/REC-html40/loose.dtd">
<html><body><div>
<div class="card">
    <h1>User properties</h1>
    <div><a href="https://example.com/admin/user/1">Edit</a></div>
</div>
 
</div></body></html>
