<?xml version="1.0"?>
<div><?php $user = 'John';
?><?php $__env->startComponent(
           'components/card',
           array_merge(app(Spatie\BladeX\ContextStack::class)->read(), ['title' => $user])); ?> 
    My content
 <?php echo $__env->renderComponent(); ?> 


<?php $user = new class {
        public $name = 'Jane';
    };
?>

 <?php $__env->startComponent(
           'components/card',
           array_merge(app(Spatie\BladeX\ContextStack::class)->read(), ['title' => $user->name])); ?> 
    My content
 <?php echo $__env->renderComponent(); ?> 

<?php $user = new class {
        public $name = 'Jane';
    };
?>

 <?php $__env->startComponent(
           'components/card',
           array_merge(app(Spatie\BladeX\ContextStack::class)->read(), ['title' => ['>']])); ?> 
    My content
 <?php echo $__env->renderComponent(); ?> 

 <?php $__env->startComponent(
           'components/card',
           array_merge(app(Spatie\BladeX\ContextStack::class)->read(), ['title' => ['>suffix']])); ?> 
    My content
 <?php echo $__env->renderComponent(); ?> 

 <?php $__env->startComponent(
           'components/card',
           array_merge(app(Spatie\BladeX\ContextStack::class)->read(), ['title' => ['>suffix']])); ?> 
    My content
 <?php echo $__env->renderComponent(); ?> 

 <?php $__env->startComponent(
           'components/card',
           array_merge(app(Spatie\BladeX\ContextStack::class)->read(), ['title' => ['prefix>suffix']])); ?> 
    My content
 <?php echo $__env->renderComponent(); ?> 

 <?php $__env->startComponent(
           'components/card',
           array_merge(app(Spatie\BladeX\ContextStack::class)->read(), ['title' => ['prefix > suffix']])); ?> 
    My content
 <?php echo $__env->renderComponent(); ?> 

</div>
