<!DOCTYPE html PUBLIC "-//W3C//DTD HTML 4.0 Transitional//EN" "http://www.w3.org/TR/REC-html40/loose.dtd">
<html><body><div>
<?php $person = new class
    {
        public $name = 'John';
    };
?>

 <?php $__env->startComponent(
           'components.card',
           array_merge(app(Spatie\BladeX\ContextStack::class)-&gt;read(),
           ['title' =&gt; $person-&gt;name])
        ); ?&gt; 
    My content
 <?php echo $__env->renderComponent(); ?&gt; 
</div></body></html>
