<!DOCTYPE html PUBLIC "-//W3C//DTD HTML 4.0 Transitional//EN" "http://www.w3.org/TR/REC-html40/loose.dtd">
<html><body><div>
<div>
    <h1>Profile</h1>
    <h2>Settings</h2>
</div>
 
</div></body></html>
