<!DOCTYPE html PUBLIC "-//W3C//DTD HTML 4.0 Transitional//EN" "http://www.w3.org/TR/REC-html40/loose.dtd">
<html><body><div>
<div class="card">
    <h1>Single line!</h1>
    <div>This is the content</div>
</div>
 
</div></body></html>
