<!DOCTYPE html PUBLIC "-//W3C//DTD HTML 4.0 Transitional//EN" "http://www.w3.org/TR/REC-html40/loose.dtd">
<html><body><div>
<div class="card">
    <h1>Title</h1>
    <div><div class="card">
    <h1>Subtitle</h1>
    <div><div class="card">
    <h1>Subsubtitle</h1>
    <div>Inner card</div>
</div></div>
</div></div>
</div>
 
</div></body></html>
