<!DOCTYPE html PUBLIC "-//W3C//DTD HTML 4.0 Transitional//EN" "http://www.w3.org/TR/REC-html40/loose.dtd">
<html><body><div>
<div class="card">
    <h1>John</h1>
    <div>My content</div>
</div>
 



 <div class="card">
    <h1>Jane</h1>
    <div>My content</div>
</div>
 


 <div class="card">
    <h1>&gt;</h1>
    <div>My content</div>
</div>
 

 <div class="card">
    <h1>&gt;suffix</h1>
    <div>My content</div>
</div>
 

 <div class="card">
    <h1>&gt;suffix</h1>
    <div>My content</div>
</div>
 

 <div class="card">
    <h1>prefix&gt;suffix</h1>
    <div>My content</div>
</div>
 

 <div class="card">
    <h1>prefix &gt; suffix</h1>
    <div>My content</div>
</div>
 

</div></body></html>
