<!DOCTYPE html PUBLIC "-//W3C//DTD HTML 4.0 Transitional//EN" "http://www.w3.org/TR/REC-html40/loose.dtd">
<html><body><div>
<div>
    <div class="card">
    <h1>one</h1>
    <div>content one</div>
</div>
 
     <div class="card">
    <h1>two</h1>
    <div>content two</div>
</div>
</div> </div></body></html>
