<!DOCTYPE html PUBLIC "-//W3C//DTD HTML 4.0 Transitional//EN" "http://www.w3.org/TR/REC-html40/loose.dtd">
<html><body><div>
<?php $message = 'my message' ?>

 <?php $__env->startComponent(
           'components.alert',
           array_merge(app(Spatie\BladeX\ContextStack::class)-&gt;read(),
           ['type' =&gt; 'error','message' =&gt; $message])
        ); ?&gt;  <?php echo $__env->renderComponent(); ?&gt; 

 <?php $__env->startComponent(
           'components.alert',
           array_merge(app(Spatie\BladeX\ContextStack::class)-&gt;read(),
           ['type' =&gt; 'error','message' =&gt; $message])
        ); ?&gt;  <?php echo $__env->renderComponent(); ?&gt; 
</div></body></html>
