<?xml version="1.0"?>
<div>
  <div>
    <h1>No spaces</h1>
    <div class="flex">
      <navigation class="w-1/3">
        <strong>sidebar</strong>
      </navigation>
      <div class="w-2/3">
        <main class="content">
          <div class="card">
            <h1>Content</h1>
            <div>Card content</div>
          </div>
        </main>
      </div>
    </div>
    <footer>
        Footer
    </footer>
  </div>
  <div class="card">
    <h1>Root card</h1>
    <div><div class="card"><h1>Nested card</h1><div>Nested</div></div>
 Card content</div>
  </div>
</div>
