<!DOCTYPE html PUBLIC "-//W3C//DTD HTML 4.0 Transitional//EN" "http://www.w3.org/TR/REC-html40/loose.dtd">
<html><body><div> <?php $__env->startComponent(
           'components.card',
           array_merge(app(Spatie\BladeX\ContextStack::class)-&gt;read(),
           ['title' =&gt; 'Profile 1'])
        ); ?&gt; 
    <form>
         <?php $__env->startComponent(
           'components.textField',
           array_merge(app(Spatie\BladeX\ContextStack::class)-&gt;read(),
           ['name' =&gt; 'name','label' =&gt; 'Name'])
        ); ?&gt;  <?php echo $__env->renderComponent(); ?&gt; 
    </form>
 <?php echo $__env->renderComponent(); ?&gt; 

 <?php $__env->startComponent(
           'components.card',
           array_merge(app(Spatie\BladeX\ContextStack::class)-&gt;read(),
           ['title' =&gt; 'Profile 2'])
        ); ?&gt; 
    <form>
         <?php $__env->startComponent(
           'components.textField',
           array_merge(app(Spatie\BladeX\ContextStack::class)-&gt;read(),
           ['name' =&gt; 'name','label' =&gt; 'Name'])
        ); ?&gt;  <?php echo $__env->renderComponent(); ?&gt; 
    </form>
 <?php echo $__env->renderComponent(); ?&gt; 
</div></body></html>
