<!DOCTYPE html PUBLIC "-//W3C//DTD HTML 4.0 Transitional//EN" "http://www.w3.org/TR/REC-html40/loose.dtd">
<html><body><div>
<div>
    <h1>Zed's Chopper</h1>
    <div class="flex">
        <navigation class="w-1/3">
            <ul>
            <li>Home</li>
            <li>Contact</li>
        </ul>
        </navigation>
        <div class="w-2/3">
            <main class="content">Whose chopper is this?</main>
        </div>
    </div>
    <footer>
        It's Zed's.
    </footer>
</div>
 
</div></body></html>
