<?xml version="1.0"?>
<div><?php $__env->startComponent(
           'components/cardGroup',
           array_merge(app(Spatie\BladeX\ContextStack::class)->read(), [])); ?><?php $__env->startComponent(
           'components/card',
           array_merge(app(Spatie\BladeX\ContextStack::class)->read(), ['title' => 'one'])); ?> 
        content one
     <?php echo $__env->renderComponent(); ?> 
     <?php $__env->startComponent(
           'components/card',
           array_merge(app(Spatie\BladeX\ContextStack::class)->read(), ['title' => 'two'])); ?> 
        content two
     <?php echo $__env->renderComponent(); ?> 
 <?php echo $__env->renderComponent(); ?> </div>
