<!DOCTYPE html PUBLIC "-//W3C//DTD HTML 4.0 Transitional//EN" "http://www.w3.org/TR/REC-html40/loose.dtd">
<html><body><div> <?php $__env->startComponent(
           'components.header',
           array_merge(app(Spatie\BladeX\ContextStack::class)-&gt;read(),
           ['subTitle' =&gt; 'Settings','title' =&gt; 'Profile'])
        ); ?&gt;  <?php echo $__env->renderComponent(); ?&gt; 
</div></body></html>
