<!DOCTYPE html PUBLIC "-//W3C//DTD HTML 4.0 Transitional//EN" "http://www.w3.org/TR/REC-html40/loose.dtd">
<html><body><div>
<input type="checkbox" name="This one's checked" checked>
 

 <input type="checkbox" name="This one shouldn't be checked">
 

 <input type="checkbox" name="" checked>
 
</div></body></html>
