<!DOCTYPE html PUBLIC "-//W3C//DTD HTML 4.0 Transitional//EN" "http://www.w3.org/TR/REC-html40/loose.dtd">
<html><body><div>
<div class="card">
    <h1>Profile 1</h1>
    <div><form>
         <div>
    <label for="name">Name</label>
    <input type="text" name="name" id="name" value="">
</div>
 
    </form></div>
</div>
 

 <div class="card">
    <h1>Profile 2</h1>
    <div><form>
         <div>
    <label for="name">Name</label>
    <input type="text" name="name" id="name" value="">
</div>
 
    </form></div>
</div>
 
</div></body></html>
